
> frontend@0.0.0 build
> cross-env NODE_OPTIONS=--max-old-space-size=4096 tsc -b && cross-env NODE_OPTIONS=--max-old-space-size=4096 vite build

[36mvite v8.0.13 [32mbuilding client environment for production...[36m[39m
[2K
transforming...Γ£ô 4013 modules transformed.
rendering chunks...
computing gzip size...
dist/index.html                                          1.28 kB Γöé gzip:   0.52 kB
dist/assets/AutoNidhi Logo 1-B3n4EkLH.png              107.94 kB
dist/assets/AutoNidhi Logo-BWlJAvLm.png              1,198.62 kB
dist/assets/FileStatusBadge-JxCmr7CK.css                 0.43 kB Γöé gzip:   0.23 kB
dist/assets/CustomerFileDetailPage-fQfhofWX.css          2.89 kB Γöé gzip:   1.01 kB
dist/assets/CustomerFilesPage-CXyuHJrA.css               4.96 kB Γöé gzip:   1.44 kB
dist/assets/index-CZeOhnAC.css                          40.02 kB Γöé gzip:   7.94 kB
dist/assets/apiConfig-BGTxWfjl.js                        0.04 kB Γöé gzip:   0.06 kB
dist/assets/StaffPage-C54Yu2JV.js                        0.17 kB Γöé gzip:   0.16 kB
dist/assets/AccountantsPage-CyHAXr43.js                  0.17 kB Γöé gzip:   0.16 kB
dist/assets/PageHeader-CC5FUCXH.js                       0.37 kB Γöé gzip:   0.22 kB
dist/assets/axios-DPvVJvtC.js                            0.57 kB Γöé gzip:   0.38 kB
dist/assets/Modal-C0q_HGk9.js                            0.93 kB Γöé gzip:   0.42 kB
dist/assets/FileStatusBadge-C539Utl9.js                  0.96 kB Γöé gzip:   0.54 kB
dist/assets/rolldown-runtime-DWdDZTNf.js                 1.08 kB Γöé gzip:   0.62 kB
dist/assets/Pagination-gif3spgJ.js                       1.59 kB Γöé gzip:   0.74 kB
dist/assets/exportUtils-D-g5auPB.js                      1.80 kB Γöé gzip:   1.00 kB
dist/assets/DataTable-LSjkxtk5.js                        2.53 kB Γöé gzip:   1.08 kB
dist/assets/FilterExportOptionsModal-CnH5zCKs.js         3.63 kB Γöé gzip:   1.21 kB
dist/assets/InsuranceTypesPage-C0qb2OfU.js               4.75 kB Γöé gzip:   1.83 kB
dist/assets/AdminReviewDeskPage-zHKj9HY9.js              5.01 kB Γöé gzip:   1.99 kB
dist/assets/UserListPage-DfDSvjeP.js                     6.29 kB Γöé gzip:   2.14 kB
dist/assets/CustomerFilesPage-CGsKOwF9.js                6.42 kB Γöé gzip:   2.26 kB
dist/assets/zipExportUtils-DeQZ0XWQ.js                   6.85 kB Γöé gzip:   2.77 kB
dist/assets/CompanySettingsPage-vPs9iAqi.js              7.09 kB Γöé gzip:   2.70 kB
dist/assets/ExpenseCategoriesPage-DcKPLJys.js            7.17 kB Γöé gzip:   2.32 kB
dist/assets/AccountantModificationsPage-DwWJ6NZA.js      7.33 kB Γöé gzip:   2.62 kB
dist/assets/InsuranceCompaniesPage-DyLCgLWB.js           7.41 kB Γöé gzip:   2.54 kB
dist/assets/StaffModificationsPage-Cc_s6acb.js           7.73 kB Γöé gzip:   2.66 kB
dist/assets/AnalyticsPage-Hj4JYO6R.js                    7.83 kB Γöé gzip:   2.47 kB
dist/assets/UserDetailPage-DBm05Io6.js                   8.27 kB Γöé gzip:   2.63 kB
dist/assets/CustomerPaymentsPage-CzBtmWD5.js             9.07 kB Γöé gzip:   2.71 kB
dist/assets/CustomerPortalPage-BbLlliCg.js               9.47 kB Γöé gzip:   2.93 kB
dist/assets/CustomerDetailPage-DJDgujZ0.js               9.74 kB Γöé gzip:   2.85 kB
dist/assets/BankAccountsPage-D06rew4B.js                10.97 kB Γöé gzip:   3.36 kB
dist/assets/CustomerSettingsPage-Dnj6YqbR.js            10.98 kB Γöé gzip:   3.56 kB
dist/assets/AdminSettingsPage-D5JNvfMv.js               11.34 kB Γöé gzip:   3.55 kB
dist/assets/CustomerFileDetailPage-BU4GSPqP.js          12.56 kB Γöé gzip:   3.44 kB
dist/assets/CustomerDocumentsPage-S-32NUEX.js           12.96 kB Γöé gzip:   3.80 kB
dist/assets/FinanceBanksPage-Bi15fbHw.js                15.11 kB Γöé gzip:   4.02 kB
dist/assets/BrokersPage-NxlWdsTh.js                     15.49 kB Γöé gzip:   4.11 kB
dist/assets/CustomerProfilePage-DgbRgKAd.js             16.43 kB Γöé gzip:   4.46 kB
dist/assets/AdminProfilePage-BYo_BQUW.js                17.66 kB Γöé gzip:   4.81 kB
dist/assets/DealersPage-Bp98sVMu.js                     18.03 kB Γöé gzip:   4.13 kB
dist/assets/DashboardPage-BIQS1Xtx.js                   18.72 kB Γöé gzip:   4.49 kB
dist/assets/UsersPage-BcadS1sC.js                       18.82 kB Γöé gzip:   4.78 kB
dist/assets/RequestsPage-Dgmihc9o.js                    20.22 kB Γöé gzip:   5.21 kB
dist/assets/LoansPage-BbZW3qbq.js                       20.84 kB Γöé gzip:   5.56 kB
dist/assets/ExpensesPage-B0CI0BxG.js                    21.18 kB Γöé gzip:   5.65 kB
dist/assets/vendor-icons-CUseTmJs.js                    21.39 kB Γöé gzip:   6.99 kB
dist/assets/CustomerInsurancePage-BcAu8mGF.js           22.28 kB Γöé gzip:   6.52 kB
dist/assets/FilesPage-BdZ_2pUJ.js                       23.39 kB Γöé gzip:   6.24 kB
dist/assets/CustomersPage-CWFuq2Lp.js                   23.93 kB Γöé gzip:   5.61 kB
dist/assets/AdvancesPage-Ci-GXtcL.js                    25.67 kB Γöé gzip:   6.59 kB
dist/assets/CustomerLoanPage-XjbGLkXP.js                29.43 kB Γöé gzip:   7.23 kB
dist/assets/PaymentOutPage-7B0bh4lW.js                  29.56 kB Γöé gzip:   6.57 kB
dist/assets/CommissionInPage-CE7bEqw3.js                30.96 kB Γöé gzip:   6.96 kB
dist/assets/PaymentInPage-BqWOUVDe.js                   32.14 kB Γöé gzip:   6.92 kB
dist/assets/CustomerRTOPage-CHuJ6S8W.js                 32.24 kB Γöé gzip:   7.79 kB
dist/assets/RTOPaymentsPage-CVMQXvuH.js                 32.66 kB Γöé gzip:   7.17 kB
dist/assets/CommissionOutPage-C7pF-Bu7.js               32.69 kB Γöé gzip:   7.14 kB
dist/assets/InsurancePaymentsPage-DCMmcuGW.js           36.85 kB Γöé gzip:   7.32 kB
dist/assets/index-BtwUa52T.js                           97.20 kB Γöé gzip:  21.33 kB
dist/assets/vendor-react-Cl3M9ACS.js                   216.42 kB Γöé gzip:  69.39 kB
dist/assets/vendor-antd-D0VHBOAK.js                    303.88 kB Γöé gzip: 101.61 kB
dist/assets/vendor-charts-B0R6pXzV.js                  368.00 kB Γöé gzip: 106.30 kB
dist/assets/vendor-misc-DrUiGjdr.js                    420.41 kB Γöé gzip: 121.26 kB
dist/assets/vendor-export-3PJR52fn.js                  808.46 kB Γöé gzip: 261.02 kB

node.exe : [33m[33m[PLUGIN_TIMINGS] [0mYour build spent significant time in plugins. Here is a breakdown:
At C:\Program Files\nodejs\npm.ps1:29 char:3
+   & $NODE_EXE $NPM_CLI_JS $args
+   ~~~~~~~~~~~~~~~~~~~~~~~~~~~~~
    + CategoryInfo          : NotSpecified: ([33m[33m[PLUG...is a breakdown::String) [], RemoteException
    + FullyQualifiedErrorId : NativeCommandError
 
  - rolldown:vite-resolve (21%)
  - vite:css-post (21%)
  - vite:asset (16%)
See https://rolldown.rs/options/checks#plugintimings for more details.
[39m
[32mΓ£ô built in 24.32s[39m
